
-----> Building on the Heroku-24 stack
-----> Using buildpacks:
       1. heroku/nodejs
       2. heroku/python
-----> Node.js app detected
       
-----> Creating runtime environment
       
       NPM_CONFIG_LOGLEVEL=error
       NODE_VERBOSE=false
       NODE_ENV=production
       NODE_MODULES_CACHE=true
       
-----> Installing binaries
       engines.node (package.json):   20.x
       engines.npm (package.json):    unspecified (use default)
       
       Resolving node version 20.x...
       Downloading and installing node 20.20.1...
       Validating checksum
       Using default npm version: 10.8.2
       
-----> Restoring cache
       - node_modules (not cached - skipping)
       
-----> Installing dependencies
       Installing node modules (package.json)
       
       up to date, audited 1 package in 280ms
       
       found 0 vulnerabilities
       
-----> Build
       Detected both "build" and "heroku-postbuild" scripts
       Running heroku-postbuild
       
       > heroku-postbuild
       > cd frontend && npm install --include=dev && npm run build
       
       
       added 322 packages, and audited 323 packages in 4s
       
       140 packages are looking for funding
         run `npm fund` for details
       
       1 high severity vulnerability
       
       To address all issues, run:
         npm audit fix
       
       Run `npm audit` for details.
       
       > frontend@0.0.0 build
       > tsc -b && vite build
       
       src/execution/components/dag/DagLegend.tsx(5,25): error TS6133: 'STATUS_BG_COLORS' is declared but its value is never read.

-----> Build failed
       
       We're sorry this build is failing! You can troubleshoot common issues here:
       https://devcenter.heroku.com/articles/troubleshooting-node-deploys
       
       If you're stuck, please submit a ticket so we can help:
       https://help.heroku.com/
       
       Love,
       Heroku
       
 !     Push rejected, failed to compile Node.js app.

 !     Push failed
